<html>
<body>
<pre>
<h1>µVision Build Log</h1>
<h2>Project:</h2>
E:\LunchBreakStuff\keil\ARM\Boards\ST\STM32-Discovery\fromA-Z\FromA-Z.uvproj
Project File Date:  01/19/2011

<h2>Output:</h2>
Build target 'Target 1'
assembling STM32F10x.s...
compiling STM32_Init.c...
compiling main.c...
main.c(8): warning:  #1-D: last line of file ends without a newline
linking...
Program Size: Code=680 RO-data=252 RW-data=0 ZI-data=608  
"FromA-Z.axf" - 0 Error(s), 1 Warning(s).
Build target 'Target 1'
compiling main.c...
linking...
Program Size: Code=680 RO-data=252 RW-data=0 ZI-data=608  
"FromA-Z.axf" - 0 Error(s), 0 Warning(s).
Clean started: Project: 'FromA-Z'
   deleting intermediate output files for target 'Target 1'
Build target 'Target 1'
assembling STM32F10x.s...
compiling STM32_Init.c...
compiling main.c...
linking...
Program Size: Code=680 RO-data=252 RW-data=0 ZI-data=608  
".\bin\FromA-Z.axf" - 0 Error(s), 0 Warning(s).
Build target 'Target 1'
compiling main.c...
main.c(31): warning:  #1-D: last line of file ends without a newline
linking...
Program Size: Code=752 RO-data=252 RW-data=0 ZI-data=608  
".\bin\FromA-Z.axf" - 0 Error(s), 1 Warning(s).
Build target 'Target 1'
compiling main.c...
main.c(31): warning:  #1-D: last line of file ends without a newline
linking...
Program Size: Code=752 RO-data=252 RW-data=0 ZI-data=608  
".\bin\FromA-Z.axf" - 0 Error(s), 1 Warning(s).
Load "E:\\LunchBreakStuff\\keil\\ARM\\Boards\\ST\\STM32-Discovery\\fromA-Z\\bin\\FromA-Z.AXF" 
Build target 'Target 1'
compiling main.c...
main.c(10): warning:  #111-D: statement is unreachable
main.c(32): warning:  #1-D: last line of file ends without a newline
linking...
Program Size: Code=748 RO-data=252 RW-data=0 ZI-data=608  
".\bin\FromA-Z.axf" - 0 Error(s), 2 Warning(s).
Load "E:\\LunchBreakStuff\\keil\\ARM\\Boards\\ST\\STM32-Discovery\\fromA-Z\\bin\\FromA-Z.AXF" 
